// Jest Snapshot v1, https://goo.gl/fbAQLP

exports[`Given Error component style Should render Animation component correctly 1`] = `
<View
  style={
    Array [
      Object {
        "aspectRatio": NaN,
      },
      undefined,
      Array [
        Object {
          "width": 200,
        },
      ],
    ]
  }
>
  <View
    autoPlay={false}
    enableMergePathsAndroidForKitKatAndAbove={false}
    loop={true}
    onAnimationFinish={[Function]}
    progress={0}
    resizeMode="contain"
    sourceJson="{}"
    speed={1}
    style={
      Object {
        "aspectRatio": NaN,
        "height": "100%",
        "width": 200,
      }
    }
  />
</View>
`;

exports[`Given Error component style Should render Container component correctly 1`] = `
<View
  style={
    Array [
      Object {
        "alignSelf": "center",
        "flexBasis": 0,
        "flexGrow": 1,
        "flexShrink": 1,
        "justifyContent": "center",
      },
    ]
  }
/>
`;
